src/pages/Dashboard.tsx(73,34): error TS2503: Cannot find namespace 'React'.
